#! /usr/bin/vvp
:ivl_version "10.3 (stable)";
:ivl_delay_selection "TYPICAL";
:vpi_time_precision - 9;
:vpi_module "system";
:vpi_module "vhdl_sys";
:vpi_module "v2005_math";
:vpi_module "va_math";
S_0x55a33f34f500 .scope module, "test" "test" 2 3;
 .timescale -9 -9;
P_0x55a33f352c50 .param/l "AXIS_TDATA_PHASE_WIDTH" 0 2 5, +C4<00000000000000000000000000010000>;
P_0x55a33f352c90 .param/l "AXIS_TDATA_WIDTH" 0 2 4, +C4<00000000000000000000000000010000>;
P_0x55a33f352cd0 .param/l "CFG_DATA_WIDTH" 0 2 7, +C4<00000000000000000000000001000000>;
P_0x55a33f352d10 .param/l "DAC_WIDTH" 0 2 6, +C4<00000000000000000000000000001110>;
v0x55a33f375bc0_0 .var "aresetn", 0 0;
v0x55a33f375cb0_0 .var "clk", 0 0;
v0x55a33f375d80_0 .net "m_axis_tdata", 15 0, L_0x55a33f386d10;  1 drivers
L_0x7f6aee1730f0 .functor BUFT 1, C4<1>, C4<0>, C4<0>, C4<0>;
v0x55a33f375e80_0 .net "m_axis_tvalid", 0 0, L_0x7f6aee1730f0;  1 drivers
S_0x55a33f304030 .scope module, "sg1" "signal_generator" 2 25, 3 1 0, S_0x55a33f34f500;
 .timescale 0 0;
    .port_info 0 /OUTPUT 1 "m_axis_tvalid"
    .port_info 1 /OUTPUT 16 "m_axis_tdata"
    .port_info 2 /INPUT 1 "clk"
    .port_info 3 /INPUT 1 "aresetn"
P_0x55a33f352b40 .param/l "AXIS_TDATA_PHASE_WIDTH" 0 3 4, +C4<00000000000000000000000000010000>;
P_0x55a33f352b80 .param/l "AXIS_TDATA_WIDTH" 0 3 3, +C4<00000000000000000000000000010000>;
P_0x55a33f352bc0 .param/l "CFG_DATA_WIDTH" 0 3 6, +C4<00000000000000000000000001000000>;
P_0x55a33f352c00 .param/l "DAC_WIDTH" 0 3 5, +C4<00000000000000000000000000001110>;
L_0x55a33f386d10 .functor BUFZ 16, v0x55a33f3749b0_0, C4<0000000000000000>, C4<0000000000000000>, C4<0000000000000000>;
v0x55a33f3038e0_0 .var/s "A", 15 0;
v0x55a33f373860_0 .var/s "AIncrement", 15 0;
v0x55a33f373940_0 .net *"_s10", 0 0, L_0x55a33f3862e0;  1 drivers
v0x55a33f373a10_0 .net/s *"_s14", 15 0, L_0x55a33f386450;  1 drivers
L_0x7f6aee173060 .functor BUFT 1, C4<0000000000000000>, C4<0>, C4<0>, C4<0>;
v0x55a33f373af0_0 .net *"_s16", 15 0, L_0x7f6aee173060;  1 drivers
v0x55a33f373c20_0 .net *"_s19", 15 0, L_0x55a33f386540;  1 drivers
v0x55a33f373d00_0 .net/s *"_s2", 31 0, L_0x55a33f375f50;  1 drivers
v0x55a33f373de0_0 .net *"_s20", 0 0, L_0x55a33f3866c0;  1 drivers
v0x55a33f373ea0_0 .net/s *"_s24", 15 0, L_0x55a33f386800;  1 drivers
v0x55a33f373f80_0 .net *"_s26", 0 0, L_0x55a33f3868f0;  1 drivers
v0x55a33f374040_0 .net/s *"_s31", 31 0, L_0x55a33f386bd0;  1 drivers
L_0x7f6aee1730a8 .functor BUFT 1, C4<00000000000000000001111111111111>, C4<0>, C4<0>, C4<0>;
v0x55a33f374120_0 .net/2s *"_s33", 31 0, L_0x7f6aee1730a8;  1 drivers
v0x55a33f374200_0 .net/s *"_s35", 31 0, L_0x55a33f386c70;  1 drivers
v0x55a33f3742e0_0 .net/s *"_s37", 31 0, L_0x55a33f386d80;  1 drivers
v0x55a33f3743c0_0 .net *"_s39", 0 0, L_0x55a33f386e50;  1 drivers
L_0x7f6aee173018 .functor BUFT 1, C4<11111111111111111110000000000001>, C4<0>, C4<0>, C4<0>;
v0x55a33f374480_0 .net/2s *"_s4", 31 0, L_0x7f6aee173018;  1 drivers
v0x55a33f374560_0 .net/s *"_s6", 31 0, L_0x55a33f3860c0;  1 drivers
v0x55a33f374750_0 .net/s *"_s8", 31 0, L_0x55a33f3861c0;  1 drivers
v0x55a33f374830_0 .net "aresetn", 0 0, v0x55a33f375bc0_0;  1 drivers
v0x55a33f3748f0_0 .net "clk", 0 0, v0x55a33f375cb0_0;  1 drivers
v0x55a33f3749b0_0 .var/s "dac_out", 15 0;
v0x55a33f374a90_0 .var "dac_out2", 15 0;
v0x55a33f374b70_0 .var "dac_out_temp2", 15 0;
v0x55a33f374c50_0 .var "dac_out_temp2_delayed", 15 0;
v0x55a33f374d30_0 .var "dac_out_temp2_delayed2", 15 0;
v0x55a33f374e10_0 .var/s "dac_out_temp_0", 15 0;
v0x55a33f374ef0_0 .var/s "dac_out_temp_1", 15 0;
v0x55a33f374fd0_0 .var/s "dac_out_temp_2", 15 0;
v0x55a33f3750b0_0 .var/s "dac_out_temp_3", 15 0;
v0x55a33f375190_0 .var/s "dac_out_temp_4", 15 0;
v0x55a33f375270_0 .var "justChangedCond", 0 0;
v0x55a33f375330_0 .var "lastTrapezoidCond", 3 0;
v0x55a33f375410_0 .net "m_axis_tdata", 15 0, L_0x55a33f386d10;  alias, 1 drivers
v0x55a33f375700_0 .net "m_axis_tvalid", 0 0, L_0x7f6aee1730f0;  alias, 1 drivers
v0x55a33f3757c0_0 .var/s "phase", 13 0;
v0x55a33f3758a0_0 .var/s "phase_delayed", 13 0;
v0x55a33f375980_0 .var "signal_type", 3 0;
v0x55a33f375a60_0 .net "trapezoidCond", 3 0, L_0x55a33f3869e0;  1 drivers
E_0x55a33f33c1b0 .event posedge, v0x55a33f3748f0_0;
L_0x55a33f375f50 .extend/s 32, v0x55a33f3757c0_0;
L_0x55a33f3860c0 .extend/s 32, v0x55a33f3038e0_0;
L_0x55a33f3861c0 .arith/sum 32, L_0x7f6aee173018, L_0x55a33f3860c0;
L_0x55a33f3862e0 .cmp/gt.s 32, L_0x55a33f375f50, L_0x55a33f3861c0;
L_0x55a33f386450 .extend/s 16, v0x55a33f3757c0_0;
L_0x55a33f386540 .arith/sub 16, L_0x7f6aee173060, v0x55a33f3038e0_0;
L_0x55a33f3866c0 .cmp/ge.s 16, L_0x55a33f386450, L_0x55a33f386540;
L_0x55a33f386800 .extend/s 16, v0x55a33f3757c0_0;
L_0x55a33f3868f0 .cmp/gt.s 16, L_0x55a33f386800, v0x55a33f3038e0_0;
L_0x55a33f3869e0 .concat8 [ 1 1 1 1], L_0x55a33f3862e0, L_0x55a33f3866c0, L_0x55a33f3868f0, L_0x55a33f386e50;
L_0x55a33f386bd0 .extend/s 32, v0x55a33f3757c0_0;
L_0x55a33f386c70 .extend/s 32, v0x55a33f3038e0_0;
L_0x55a33f386d80 .arith/sub 32, L_0x7f6aee1730a8, L_0x55a33f386c70;
L_0x55a33f386e50 .cmp/ge.s 32, L_0x55a33f386bd0, L_0x55a33f386d80;
    .scope S_0x55a33f304030;
T_0 ;
    %wait E_0x55a33f33c1b0;
    %load/vec4 v0x55a33f374830_0;
    %inv;
    %flag_set/vec4 8;
    %jmp/0xz  T_0.0, 8;
    %pushi/vec4 0, 0, 16;
    %assign/vec4 v0x55a33f3749b0_0, 0;
    %pushi/vec4 0, 0, 16;
    %assign/vec4 v0x55a33f374e10_0, 0;
    %pushi/vec4 57345, 0, 16;
    %assign/vec4 v0x55a33f374ef0_0, 0;
    %pushi/vec4 0, 0, 16;
    %assign/vec4 v0x55a33f374fd0_0, 0;
    %pushi/vec4 8191, 0, 16;
    %assign/vec4 v0x55a33f3750b0_0, 0;
    %pushi/vec4 0, 0, 16;
    %assign/vec4 v0x55a33f375190_0, 0;
    %pushi/vec4 8193, 0, 14;
    %assign/vec4 v0x55a33f3757c0_0, 0;
    %pushi/vec4 8193, 0, 14;
    %assign/vec4 v0x55a33f3758a0_0, 0;
    %pushi/vec4 80, 0, 16;
    %assign/vec4 v0x55a33f3038e0_0, 0;
    %pushi/vec4 100, 0, 16;
    %assign/vec4 v0x55a33f373860_0, 0;
    %pushi/vec4 2, 0, 4;
    %assign/vec4 v0x55a33f375980_0, 0;
    %pushi/vec4 0, 0, 4;
    %assign/vec4 v0x55a33f375330_0, 0;
    %pushi/vec4 0, 0, 1;
    %assign/vec4 v0x55a33f375270_0, 0;
    %jmp T_0.1;
T_0.0 ;
    %load/vec4 v0x55a33f3757c0_0;
    %addi 10, 0, 14;
    %assign/vec4 v0x55a33f3757c0_0, 0;
    %load/vec4 v0x55a33f3757c0_0;
    %assign/vec4 v0x55a33f3758a0_0, 0;
    %load/vec4 v0x55a33f375330_0;
    %load/vec4 v0x55a33f375a60_0;
    %cmp/ne;
    %jmp/0xz  T_0.2, 4;
    %pushi/vec4 1, 0, 1;
    %assign/vec4 v0x55a33f375270_0, 0;
    %load/vec4 v0x55a33f375a60_0;
    %assign/vec4 v0x55a33f375330_0, 0;
T_0.2 ;
    %load/vec4 v0x55a33f375270_0;
    %pad/u 32;
    %cmpi/e 1, 0, 32;
    %jmp/0xz  T_0.4, 4;
    %pushi/vec4 0, 0, 1;
    %assign/vec4 v0x55a33f375270_0, 0;
T_0.4 ;
    %load/vec4 v0x55a33f375980_0;
    %pad/u 32;
    %cmpi/e 1, 0, 32;
    %jmp/0xz  T_0.6, 4;
    %load/vec4 v0x55a33f375270_0;
    %load/vec4 v0x55a33f375330_0;
    %concat/vec4; draw_concat_vec4
    %dup/vec4;
    %pushi/vec4 16, 0, 5;
    %cmp/u;
    %jmp/1 T_0.8, 6;
    %dup/vec4;
    %pushi/vec4 0, 0, 5;
    %cmp/u;
    %jmp/1 T_0.9, 6;
    %dup/vec4;
    %pushi/vec4 17, 0, 5;
    %cmp/u;
    %jmp/1 T_0.10, 6;
    %dup/vec4;
    %pushi/vec4 1, 0, 5;
    %cmp/u;
    %jmp/1 T_0.11, 6;
    %dup/vec4;
    %pushi/vec4 19, 0, 5;
    %cmp/u;
    %jmp/1 T_0.12, 6;
    %dup/vec4;
    %pushi/vec4 3, 0, 5;
    %cmp/u;
    %jmp/1 T_0.13, 6;
    %dup/vec4;
    %pushi/vec4 23, 0, 5;
    %cmp/u;
    %jmp/1 T_0.14, 6;
    %dup/vec4;
    %pushi/vec4 7, 0, 5;
    %cmp/u;
    %jmp/1 T_0.15, 6;
    %dup/vec4;
    %pushi/vec4 31, 0, 5;
    %cmp/u;
    %jmp/1 T_0.16, 6;
    %dup/vec4;
    %pushi/vec4 15, 0, 5;
    %cmp/u;
    %jmp/1 T_0.17, 6;
    %vpi_call 3 133 "$display", "default phase = %d", v0x55a33f3758a0_0 {0 0 0};
    %pushi/vec4 0, 0, 16;
    %assign/vec4 v0x55a33f3749b0_0, 0;
    %jmp T_0.19;
T_0.8 ;
    %vpi_call 3 83 "$display", "10000 phase = %d, temp = %d", v0x55a33f3758a0_0, v0x55a33f374e10_0 {0 0 0};
    %pushi/vec4 57345, 0, 16;
    %load/vec4 v0x55a33f3758a0_0;
    %pad/s 16;
    %sub;
    %assign/vec4 v0x55a33f374e10_0, 0;
    %load/vec4 v0x55a33f373860_0;
    %load/vec4 v0x55a33f375190_0;
    %mul;
    %assign/vec4 v0x55a33f3749b0_0, 0;
    %jmp T_0.19;
T_0.9 ;
    %vpi_call 3 88 "$display", "00000 phase = %d, temp = %d", v0x55a33f3758a0_0, v0x55a33f374e10_0 {0 0 0};
    %pushi/vec4 57345, 0, 16;
    %load/vec4 v0x55a33f3758a0_0;
    %pad/s 16;
    %sub;
    %assign/vec4 v0x55a33f374e10_0, 0;
    %load/vec4 v0x55a33f373860_0;
    %load/vec4 v0x55a33f374e10_0;
    %mul;
    %assign/vec4 v0x55a33f3749b0_0, 0;
    %jmp T_0.19;
T_0.10 ;
    %vpi_call 3 93 "$display", "10001 phase = %d, temp = %d", v0x55a33f3758a0_0, v0x55a33f374ef0_0 {0 0 0};
    %load/vec4 v0x55a33f373860_0;
    %load/vec4 v0x55a33f374e10_0;
    %mul;
    %assign/vec4 v0x55a33f3749b0_0, 0;
    %jmp T_0.19;
T_0.11 ;
    %vpi_call 3 98 "$display", "00001 phase = %d, temp = %d", v0x55a33f3758a0_0, v0x55a33f374ef0_0 {0 0 0};
    %load/vec4 v0x55a33f374ef0_0;
    %assign/vec4 v0x55a33f3749b0_0, 0;
    %jmp T_0.19;
T_0.12 ;
    %vpi_call 3 103 "$display", "0011 phase = %d, temp = %d", v0x55a33f3758a0_0, v0x55a33f374fd0_0 {0 0 0};
    %load/vec4 v0x55a33f3758a0_0;
    %pad/s 16;
    %assign/vec4 v0x55a33f374fd0_0, 0;
    %load/vec4 v0x55a33f374ef0_0;
    %assign/vec4 v0x55a33f3749b0_0, 0;
    %jmp T_0.19;
T_0.13 ;
    %vpi_call 3 108 "$display", "0011 phase = %d, temp = %d", v0x55a33f3758a0_0, v0x55a33f374fd0_0 {0 0 0};
    %load/vec4 v0x55a33f3758a0_0;
    %pad/s 16;
    %assign/vec4 v0x55a33f374fd0_0, 0;
    %load/vec4 v0x55a33f373860_0;
    %load/vec4 v0x55a33f374fd0_0;
    %mul;
    %assign/vec4 v0x55a33f3749b0_0, 0;
    %jmp T_0.19;
T_0.14 ;
    %vpi_call 3 113 "$display", "0111 phase = %d, temp = %d", v0x55a33f3758a0_0, v0x55a33f3750b0_0 {0 0 0};
    %load/vec4 v0x55a33f373860_0;
    %load/vec4 v0x55a33f374fd0_0;
    %mul;
    %assign/vec4 v0x55a33f3749b0_0, 0;
    %jmp T_0.19;
T_0.15 ;
    %vpi_call 3 118 "$display", "0111 phase = %d, temp = %d", v0x55a33f3758a0_0, v0x55a33f3750b0_0 {0 0 0};
    %load/vec4 v0x55a33f3750b0_0;
    %assign/vec4 v0x55a33f3749b0_0, 0;
    %jmp T_0.19;
T_0.16 ;
    %vpi_call 3 123 "$display", "1111 phase = %d, temp = %d", v0x55a33f3758a0_0, v0x55a33f375190_0 {0 0 0};
    %pushi/vec4 8191, 0, 16;
    %load/vec4 v0x55a33f3758a0_0;
    %pad/s 16;
    %sub;
    %assign/vec4 v0x55a33f375190_0, 0;
    %load/vec4 v0x55a33f3750b0_0;
    %assign/vec4 v0x55a33f3749b0_0, 0;
    %jmp T_0.19;
T_0.17 ;
    %vpi_call 3 128 "$display", "1111 phase = %d, temp = %d", v0x55a33f3758a0_0, v0x55a33f375190_0 {0 0 0};
    %pushi/vec4 8191, 0, 16;
    %load/vec4 v0x55a33f3758a0_0;
    %pad/s 16;
    %sub;
    %assign/vec4 v0x55a33f375190_0, 0;
    %load/vec4 v0x55a33f373860_0;
    %load/vec4 v0x55a33f375190_0;
    %mul;
    %assign/vec4 v0x55a33f3749b0_0, 0;
    %jmp T_0.19;
T_0.19 ;
    %pop/vec4 1;
    %load/vec4 v0x55a33f3757c0_0;
    %pad/s 16;
    %load/vec4 v0x55a33f3038e0_0;
    %inv;
    %pushi/vec4 1, 0, 16;
    %add;
    %cmp/s;
    %flag_get/vec4 5;
    %pushi/vec4 8191, 0, 32;
    %load/vec4 v0x55a33f3038e0_0;
    %pad/s 32;
    %sub;
    %inv;
    %pushi/vec4 1, 0, 32;
    %add;
    %load/vec4 v0x55a33f3757c0_0;
    %pad/s 32;
    %cmp/s;
    %flag_get/vec4 5;
    %and;
    %flag_set/vec4 8;
    %jmp/0xz  T_0.20, 8;
    %pushi/vec4 57345, 0, 16;
    %assign/vec4 v0x55a33f374b70_0, 0;
    %jmp T_0.21;
T_0.20 ;
    %load/vec4 v0x55a33f3038e0_0;
    %load/vec4 v0x55a33f3757c0_0;
    %pad/s 16;
    %cmp/s;
    %flag_get/vec4 5;
    %load/vec4 v0x55a33f3757c0_0;
    %pad/s 32;
    %pushi/vec4 8191, 0, 32;
    %load/vec4 v0x55a33f3038e0_0;
    %pad/s 32;
    %sub;
    %cmp/s;
    %flag_get/vec4 5;
    %and;
    %flag_set/vec4 8;
    %jmp/0xz  T_0.22, 8;
    %pushi/vec4 8191, 0, 16;
    %assign/vec4 v0x55a33f374b70_0, 0;
    %jmp T_0.23;
T_0.22 ;
    %load/vec4 v0x55a33f3757c0_0;
    %pad/s 16;
    %load/vec4 v0x55a33f3038e0_0;
    %cmp/s;
    %flag_get/vec4 4;
    %flag_get/vec4 5;
    %or;
    %load/vec4 v0x55a33f3038e0_0;
    %inv;
    %pushi/vec4 1, 0, 16;
    %add;
    %load/vec4 v0x55a33f3757c0_0;
    %pad/s 16;
    %cmp/s;
    %flag_get/vec4 4;
    %flag_get/vec4 5;
    %or;
    %and;
    %flag_set/vec4 8;
    %jmp/0xz  T_0.24, 8;
    %load/vec4 v0x55a33f373860_0;
    %load/vec4 v0x55a33f3757c0_0;
    %pad/s 16;
    %mul;
    %assign/vec4 v0x55a33f374b70_0, 0;
    %jmp T_0.25;
T_0.24 ;
    %load/vec4 v0x55a33f3757c0_0;
    %pad/s 32;
    %pushi/vec4 8191, 0, 32;
    %load/vec4 v0x55a33f3038e0_0;
    %pad/s 32;
    %sub;
    %inv;
    %pushi/vec4 1, 0, 32;
    %add;
    %cmp/s;
    %flag_or 5, 4;
    %jmp/0xz  T_0.26, 5;
    %load/vec4 v0x55a33f373860_0;
    %inv;
    %pushi/vec4 1, 0, 16;
    %add;
    %load/vec4 v0x55a33f3757c0_0;
    %pad/s 16;
    %addi 8191, 0, 16;
    %mul;
    %assign/vec4 v0x55a33f374b70_0, 0;
    %jmp T_0.27;
T_0.26 ;
    %pushi/vec4 8191, 0, 32;
    %load/vec4 v0x55a33f3038e0_0;
    %pad/s 32;
    %sub;
    %load/vec4 v0x55a33f3757c0_0;
    %pad/s 32;
    %cmp/s;
    %flag_or 5, 4;
    %jmp/0xz  T_0.28, 5;
    %load/vec4 v0x55a33f373860_0;
    %pushi/vec4 8191, 0, 16;
    %load/vec4 v0x55a33f3757c0_0;
    %pad/s 16;
    %sub;
    %mul;
    %assign/vec4 v0x55a33f374b70_0, 0;
T_0.28 ;
T_0.27 ;
T_0.25 ;
T_0.23 ;
T_0.21 ;
    %load/vec4 v0x55a33f374b70_0;
    %assign/vec4 v0x55a33f374c50_0, 0;
    %load/vec4 v0x55a33f374c50_0;
    %assign/vec4 v0x55a33f374d30_0, 0;
    %load/vec4 v0x55a33f374c50_0;
    %assign/vec4 v0x55a33f374a90_0, 0;
    %jmp T_0.7;
T_0.6 ;
    %load/vec4 v0x55a33f375980_0;
    %pad/u 32;
    %cmpi/e 2, 0, 32;
    %jmp/0xz  T_0.30, 4;
    %load/vec4 v0x55a33f3757c0_0;
    %pad/s 16;
    %ix/load 4, 1, 0;
    %flag_set/imm 4, 0;
    %shiftl 4;
    %assign/vec4 v0x55a33f374e10_0, 0;
    %load/vec4 v0x55a33f374e10_0;
    %pad/s 32;
    %cmpi/s 4294959104, 0, 32;
    %flag_or 5, 4;
    %jmp/0xz  T_0.32, 5;
    %load/vec4 v0x55a33f374e10_0;
    %inv;
    %pushi/vec4 1, 0, 16;
    %add;
    %subi 16384, 0, 16;
    %assign/vec4 v0x55a33f3749b0_0, 0;
    %jmp T_0.33;
T_0.32 ;
    %pushi/vec4 8190, 0, 32;
    %load/vec4 v0x55a33f374e10_0;
    %pad/s 32;
    %cmp/s;
    %flag_or 5, 4;
    %jmp/0xz  T_0.34, 5;
    %load/vec4 v0x55a33f374e10_0;
    %inv;
    %pushi/vec4 1, 0, 16;
    %add;
    %addi 16384, 0, 16;
    %assign/vec4 v0x55a33f3749b0_0, 0;
    %jmp T_0.35;
T_0.34 ;
    %load/vec4 v0x55a33f374e10_0;
    %assign/vec4 v0x55a33f3749b0_0, 0;
T_0.35 ;
T_0.33 ;
T_0.30 ;
T_0.7 ;
    %load/vec4 v0x55a33f375980_0;
    %pad/u 32;
    %cmpi/e 3, 0, 32;
    %jmp/0xz  T_0.36, 4;
    %load/vec4 v0x55a33f3757c0_0;
    %pad/s 16;
    %assign/vec4 v0x55a33f374e10_0, 0;
    %load/vec4 v0x55a33f374e10_0;
    %assign/vec4 v0x55a33f374c50_0, 0;
    %load/vec4 v0x55a33f374c50_0;
    %assign/vec4 v0x55a33f3749b0_0, 0;
T_0.36 ;
T_0.1 ;
    %jmp T_0;
    .thread T_0;
    .scope S_0x55a33f34f500;
T_1 ;
    %pushi/vec4 0, 0, 1;
    %store/vec4 v0x55a33f375bc0_0, 0, 1;
    %pushi/vec4 0, 0, 1;
    %store/vec4 v0x55a33f375cb0_0, 0, 1;
    %end;
    .thread T_1;
    .scope S_0x55a33f34f500;
T_2 ;
    %delay 4, 0;
    %load/vec4 v0x55a33f375cb0_0;
    %nor/r;
    %store/vec4 v0x55a33f375cb0_0, 0, 1;
    %jmp T_2;
    .thread T_2;
    .scope S_0x55a33f34f500;
T_3 ;
    %vpi_call 2 19 "$dumpfile", "signal_generator.vcd" {0 0 0};
    %vpi_call 2 20 "$dumpvars", 32'sb00000000000000000000000000000010, S_0x55a33f34f500 {0 0 0};
    %delay 11, 0;
    %pushi/vec4 1, 0, 1;
    %store/vec4 v0x55a33f375bc0_0, 0, 1;
    %delay 20000, 0;
    %vpi_call 2 22 "$finish" {0 0 0};
    %end;
    .thread T_3;
# The file index is used to find the file name in the following table.
:file_names 4;
    "N/A";
    "<interactive>";
    "signal_generator_tb.v";
    "signal_generator.v";
